module Give where

data ℕ : Set where
  zero : ℕ
  suc : ℕ → ℕ

_+_ : ℕ → ℕ → ℕ
zero + y = y
suc x + y = {!   !}