module Goals where

data ℕ : Set where
  zero : ℕ
  suc : ℕ → ℕ

_+_ : ℕ → ℕ → ℕ
zero + y = {!   !}
suc zero + zero = {!   !}
suc zero + suc y = {!   !}
suc (suc x) + y = {!!}