module Refine where

postulate
  A : Set

record Foo : Set where
  field
    very-long-field-name-1 : A
    very-long-field-name-2 : A
    very-long-field-name-3 : A

foo : Foo
foo = record
  { very-long-field-name-1 = {!   !}
  ; very-long-field-name-2 = {!   !}
  ; very-long-field-name-3 = {!   !}
  }

bar : Foo
bar = {!   !}